
dsk-03353@pop-os:/projects/patio-detran$ git status
No ramo master
Your branch is up to date with 'origin/master'.

Changes not staged for commit:
  (utilize "git add <arquivo>..." para atualizar o que será submetido)
  (use "git restore <file>..." to discard changes in working directory)
	modified:   health/index.php
	modified:   system/classes/alas.class.php
	modified:   system/classes/boletos_gerados_status.class.php

nenhuma modificação adicionada à submissão (utilize "git add" e/ou "git commit -a")
dsk-03353@pop-os:/projects/patio-detran$ git add system/classes/
dsk-03353@pop-os:/projects/patio-detran$ git status
No ramo master
Your branch is up to date with 'origin/master'.

Mudanças a serem submetidas:
  (use "git restore --staged <file>..." to unstage)
	modified:   system/classes/alas.class.php
	modified:   system/classes/boletos_gerados_status.class.php

Changes not staged for commit:
  (utilize "git add <arquivo>..." para atualizar o que será submetido)
  (use "git restore <file>..." to discard changes in working directory)
	modified:   health/index.php

dsk-03353@pop-os:/projects/patio-detran$ git restore --staged system/classes/alas.class.php 
dsk-03353@pop-os:/projects/patio-detran$ git status
No ramo master
Your branch is up to date with 'origin/master'.

Mudanças a serem submetidas:
  (use "git restore --staged <file>..." to unstage)
	modified:   system/classes/boletos_gerados_status.class.php

Changes not staged for commit:
  (utilize "git add <arquivo>..." para atualizar o que será submetido)
  (use "git restore <file>..." to discard changes in working directory)
	modified:   health/index.php
	modified:   system/classes/alas.class.php

dsk-03353@pop-os:/projects/patio-detran$ git restore --staged system/classes/
dsk-03353@pop-os:/projects/patio-detran$ git status
No ramo master
Your branch is up to date with 'origin/master'.

Changes not staged for commit:
  (utilize "git add <arquivo>..." para atualizar o que será submetido)
  (use "git restore <file>..." to discard changes in working directory)
	modified:   health/index.php
	modified:   system/classes/alas.class.php
	modified:   system/classes/boletos_gerados_status.class.php

nenhuma modificação adicionada à submissão (utilize "git add" e/ou "git commit -a")
dsk-03353@pop-os:/projects/patio-detran$ 
dsk-03353@pop-os:/projects/patio-detran$ git chekout .
git: 'chekout' não é um comando git. Veja 'git --help'.

The most similar command is
	checkout
dsk-03353@pop-os:/projects/patio-detran$ git checkout .
Updated 3 paths from the index
dsk-03353@pop-os:/projects/patio-detran$ git flow init

